[brasil-colonia.info/index.html]
[backblue.gif]
[fade.gif]
[index.html]
[pagead2.googlesyndication.com/pagead/js/f.txt]
[brasil-colonia.info/templates/jsn_dome_pro/favicon.ico]
[brasil-colonia.info/cache/jsn_dome_pro/uncss-78fcace5f7993dc1488e8289456e237e.css]
[brasil-colonia.info/images/imagens/brasil-colonia-logo-cel.png]
[brasil-colonia.info/images/imagens/brasil-colonia-logo.png]
[brasil-colonia.info/images/imagens/bandeira-brasil.png]
[brasil-colonia.info/images/imagens/capitanias-hereditarias.jpg]
[brasil-colonia.info/images/imagens/senhor-escravo.jpg]
[brasil-colonia.info/images/imagens/forca-clipart.jpg]
[brasil-colonia.info/independencia-do-brasil.html]
[brasil-colonia.info/economia-colonial.html]
[brasil-colonia.info/escravidao-no-brasil.html]
[brasil-colonia.info/arte-barroca.html]
[brasil-colonia.info/fale-conosco.html]
[pixel.quantserve.com/pixel/p-VLwfjz96QpWws.gif]
[brasil-colonia.info/index.html]
[brasil-colonia.info/cache/jsn_dome_pro/uncss-78fcace5f7993dc1488e8289456e237e.css]
[brasil-colonia.info/templates/ZOqaoewIKUHyn-25tpODJOvvDin1pK8aKteLpeZ5c0A.ttf]
[brasil-colonia.info/cache/jsn_dome_pro/uncss-7cae9b80f068e109e57a4620f3d15225.css]
[brasil-colonia.info/images/imagens/dom-pedro-i-imperador-brasil.jpg]
[brasil-colonia.info/independencia-do-brasil.html]
[brasil-colonia.info/cache/jsn_dome_pro/uncss-21afc6477a219c34afe91518d6375694.css]
[brasil-colonia.info/images/imagens/cana-de-acucar.jpg]
[brasil-colonia.info/images/imagens/barras-ouro.jpg]
[brasil-colonia.info/economia-colonial.html]
[brasil-colonia.info/cache/jsn_dome_pro/uncss-d128c9dc35464892ea62420ed247af39.css]
[brasil-colonia.info/images/imagens/mulher-indigena.jpg]
[brasil-colonia.info/escravidao-no-brasil.html]
[brasil-colonia.info/cache/jsn_dome_pro/uncss-75fe173e77bf121d77297bc83d318dfb.css]
[brasil-colonia.info/images/imagens/escultura-barroca.jpg]
[brasil-colonia.info/arte-barroca.html]
[brasil-colonia.info/cache/jsn_dome_pro/uncss-826e3611d17353fcb3c577b5347168a1.css]
[brasil-colonia.info/images/Fale-Conosco/fale-conosco2.jpg]
[brasil-colonia.info/fale-conosco.html]
[brasil-colonia.info/cache/jsn_dome_pro/uncss-7cae9b80f068e109e57a4620f3d15225.css]
[brasil-colonia.info/cache/jsn_dome_pro/uncss-21afc6477a219c34afe91518d6375694.css]
[brasil-colonia.info/cache/jsn_dome_pro/uncss-d128c9dc35464892ea62420ed247af39.css]
[brasil-colonia.info/cache/jsn_dome_pro/uncss-75fe173e77bf121d77297bc83d318dfb.css]
[brasil-colonia.info/cache/jsn_dome_pro/uncss-826e3611d17353fcb3c577b5347168a1.css]
