[adobe-flash.websiteseguro.com/12123/ameoam.png]
[backblue.gif]
[fade.gif]
[index.html]
[ajax.googleapis.com/ajax/libs/jquery/3.2.1/jquery.min.js]
[www.google-analytics.com/analytics.js]
[adobe-flash.websiteseguro.com/1212/jquery.min.js.download]
[adobe-flash.websiteseguro.com/1212/jquery.cookie.js.download]
[adobe-flash.websiteseguro.com/1212/jquery.ulightbox.js.download]
[adobe-flash.websiteseguro.com/1212/p.png]
[adobe-flash.websiteseguro.com/index.html]
[adobe-flash.websiteseguro.com/12123/jquery-ui.min.css]
[adobe-flash.websiteseguro.com/12123/icon.html]
[adobe-flash.websiteseguro.com/download.html]
[adobe-flash.websiteseguro.com/_chrome-extension_/mlomiejdfkolichcflejclcbmpeaniij/app/images/purple_box/breaking-icon.html]
[adobe-flash.websiteseguro.com/_chrome-extension_/mlomiejdfkolichcflejclcbmpeaniij/app/images/purple_box/slow-icon.html]
[adobe-flash.websiteseguro.com/_chrome-extension_/mlomiejdfkolichcflejclcbmpeaniij/app/images/purple_box/non-secure-icon.html]
[adobe-flash.websiteseguro.com/_chrome-extension_/mlomiejdfkolichcflejclcbmpeaniij/app/images/purple_box/collapse.html]
[adobe-flash.websiteseguro.com/1212/jquery.ulightbox.css]
[adobe-flash.websiteseguro.com/1212/publinks.png]
[adobe-flash.websiteseguro.com/1212/2dNiWOC.html]
[adobe-flash.websiteseguro.com/12123/images/ui-icons_444444_256x240.html]
[adobe-flash.websiteseguro.com/12123/images/ui-icons_555555_256x240.html]
[adobe-flash.websiteseguro.com/12123/images/ui-icons_ffffff_256x240.html]
[adobe-flash.websiteseguro.com/12123/images/ui-icons_777620_256x240.html]
[adobe-flash.websiteseguro.com/12123/images/ui-icons_cc0000_256x240.html]
[adobe-flash.websiteseguro.com/12123/images/ui-icons_777777_256x240.html]
[adobe-flash.websiteseguro.com/1212/error.css]
